
============================================================
 install_dev_tools.sh запуск: 2026-07-29 11:59:07
 Project root: /Users/devops/Downloads/goit-mlops
============================================================
[2026-07-29 11:59:07] [INFO] Log file: /Users/devops/Downloads/goit-mlops/install.log
[2026-07-29 11:59:07] [OK] Docker знайдено: Docker version 29.6.2, build dfc4efb
[2026-07-29 11:59:07] [OK] Docker Compose V2 знайдено: Docker Compose version v5.3.0
[2026-07-29 11:59:07] [OK] Знайдено Python >= 3.13: python3.13 (Python 3.13.3)
[2026-07-29 11:59:07] [OK] venv вже існує: /Users/devops/Downloads/goit-mlops/.venv (python=Python 3.13.3)
[2026-07-29 11:59:08] [OK] venv pip знайдено: pip 25.0.1 from /Users/devops/Downloads/goit-mlops/.venv/lib/python3.13/site-packages/pip (python 3.13)
[2026-07-29 11:59:08] [INFO] venv pip version: 25.0.1
[2026-07-29 11:59:08] [INFO] Встановлюємо залежності з /Users/devops/Downloads/goit-mlops/requirements.txt у venv (pip -r)...
Collecting torch==2.7.0 (from -r /Users/devops/Downloads/goit-mlops/requirements.txt (line 1))
  Downloading torch-2.7.0-cp313-none-macosx_11_0_arm64.whl.metadata (29 kB)
Collecting torchvision==0.22.0 (from -r /Users/devops/Downloads/goit-mlops/requirements.txt (line 2))
  Downloading torchvision-0.22.0-cp313-cp313-macosx_11_0_arm64.whl.metadata (6.1 kB)
Collecting pillow==11.2.1 (from -r /Users/devops/Downloads/goit-mlops/requirements.txt (line 3))
  Downloading pillow-11.2.1-cp313-cp313-macosx_11_0_arm64.whl.metadata (8.9 kB)
Collecting filelock (from torch==2.7.0->-r /Users/devops/Downloads/goit-mlops/requirements.txt (line 1))
  Downloading filelock-3.32.0-py3-none-any.whl.metadata (2.0 kB)
Collecting typing-extensions>=4.10.0 (from torch==2.7.0->-r /Users/devops/Downloads/goit-mlops/requirements.txt (line 1))
  Downloading typing_extensions-4.16.0-py3-none-any.whl.metadata (3.3 kB)
Collecting setuptools (from torch==2.7.0->-r /Users/devops/Downloads/goit-mlops/requirements.txt (line 1))
  Downloading setuptools-83.0.0-py3-none-any.whl.metadata (6.6 kB)
Collecting sympy>=1.13.3 (from torch==2.7.0->-r /Users/devops/Downloads/goit-mlops/requirements.txt (line 1))
  Downloading sympy-1.14.0-py3-none-any.whl.metadata (12 kB)
Collecting networkx (from torch==2.7.0->-r /Users/devops/Downloads/goit-mlops/requirements.txt (line 1))
  Downloading networkx-3.6.1-py3-none-any.whl.metadata (6.8 kB)
Collecting jinja2 (from torch==2.7.0->-r /Users/devops/Downloads/goit-mlops/requirements.txt (line 1))
  Downloading jinja2-3.1.6-py3-none-any.whl.metadata (2.9 kB)
Collecting fsspec (from torch==2.7.0->-r /Users/devops/Downloads/goit-mlops/requirements.txt (line 1))
  Downloading fsspec-2026.7.0-py3-none-any.whl.metadata (10 kB)
Collecting numpy (from torchvision==0.22.0->-r /Users/devops/Downloads/goit-mlops/requirements.txt (line 2))
  Downloading numpy-2.5.1-cp313-cp313-macosx_14_0_arm64.whl.metadata (6.6 kB)
Collecting mpmath<1.4,>=1.1.0 (from sympy>=1.13.3->torch==2.7.0->-r /Users/devops/Downloads/goit-mlops/requirements.txt (line 1))
  Downloading mpmath-1.3.0-py3-none-any.whl.metadata (8.6 kB)
Collecting MarkupSafe>=2.0 (from jinja2->torch==2.7.0->-r /Users/devops/Downloads/goit-mlops/requirements.txt (line 1))
  Downloading markupsafe-3.0.3-cp313-cp313-macosx_11_0_arm64.whl.metadata (2.7 kB)
Downloading torch-2.7.0-cp313-none-macosx_11_0_arm64.whl (68.6 MB)
   ━━━━━━━━━━━━━━━━━━━━━━━━━━━━━━━━━━━━━━━━ 68.6/68.6 MB 12.9 MB/s eta 0:00:00
Downloading torchvision-0.22.0-cp313-cp313-macosx_11_0_arm64.whl (1.9 MB)
   ━━━━━━━━━━━━━━━━━━━━━━━━━━━━━━━━━━━━━━━━ 1.9/1.9 MB 13.1 MB/s eta 0:00:00
Downloading pillow-11.2.1-cp313-cp313-macosx_11_0_arm64.whl (3.0 MB)
   ━━━━━━━━━━━━━━━━━━━━━━━━━━━━━━━━━━━━━━━━ 3.0/3.0 MB 13.5 MB/s eta 0:00:00
Downloading sympy-1.14.0-py3-none-any.whl (6.3 MB)
   ━━━━━━━━━━━━━━━━━━━━━━━━━━━━━━━━━━━━━━━━ 6.3/6.3 MB 13.1 MB/s eta 0:00:00
Downloading typing_extensions-4.16.0-py3-none-any.whl (45 kB)
Downloading filelock-3.32.0-py3-none-any.whl (97 kB)
Downloading fsspec-2026.7.0-py3-none-any.whl (206 kB)
Downloading jinja2-3.1.6-py3-none-any.whl (134 kB)
Downloading networkx-3.6.1-py3-none-any.whl (2.1 MB)
   ━━━━━━━━━━━━━━━━━━━━━━━━━━━━━━━━━━━━━━━━ 2.1/2.1 MB 10.2 MB/s eta 0:00:00
Downloading numpy-2.5.1-cp313-cp313-macosx_14_0_arm64.whl (5.3 MB)
   ━━━━━━━━━━━━━━━━━━━━━━━━━━━━━━━━━━━━━━━━ 5.3/5.3 MB 12.6 MB/s eta 0:00:00
Downloading setuptools-83.0.0-py3-none-any.whl (1.0 MB)
   ━━━━━━━━━━━━━━━━━━━━━━━━━━━━━━━━━━━━━━━━ 1.0/1.0 MB 12.4 MB/s eta 0:00:00
Downloading markupsafe-3.0.3-cp313-cp313-macosx_11_0_arm64.whl (12 kB)
Downloading mpmath-1.3.0-py3-none-any.whl (536 kB)
   ━━━━━━━━━━━━━━━━━━━━━━━━━━━━━━━━━━━━━━━━ 536.2/536.2 kB 11.7 MB/s eta 0:00:00
Installing collected packages: mpmath, typing-extensions, sympy, setuptools, pillow, numpy, networkx, MarkupSafe, fsspec, filelock, jinja2, torch, torchvision
Successfully installed MarkupSafe-3.0.3 filelock-3.32.0 fsspec-2026.7.0 jinja2-3.1.6 mpmath-1.3.0 networkx-3.6.1 numpy-2.5.1 pillow-11.2.1 setuptools-83.0.0 sympy-1.14.0 torch-2.7.0 torchvision-0.22.0 typing-extensions-4.16.0

[notice] A new release of pip is available: 25.0.1 -> 26.1.2
[notice] To update, run: pip install --upgrade pip
[2026-07-29 11:59:33] [OK] Залежності з requirements.txt встановлено/актуалізовано.
[2026-07-29 11:59:33] [INFO] ----- Підсумок середовища -----
[2026-07-29 11:59:33] [INFO] docker:  Docker version 29.6.2, build dfc4efb
[2026-07-29 11:59:33] [INFO] compose: Docker Compose version v5.3.0
[2026-07-29 11:59:33] [INFO] python:  Python 3.13.3 (у venv: /Users/devops/Downloads/goit-mlops/.venv)
[2026-07-29 11:59:33] [INFO] pip:     pip 25.0.1 from /Users/devops/Downloads/goit-mlops/.venv/lib/python3.13/site-packages/pip (python 3.13)
[2026-07-29 11:59:37] [INFO] torch: version=2.7.0
[2026-07-29 11:59:43] [INFO] torchvision: version=0.22.0
[2026-07-29 11:59:43] [INFO] pillow: version=11.2.1
[2026-07-29 11:59:43] [OK] install_dev_tools.sh завершив роботу.

============================================================
 install_dev_tools.sh запуск: 2026-07-29 12:00:16
 Project root: /Users/devops/Downloads/goit-mlops
============================================================
[2026-07-29 12:00:16] [INFO] Log file: /Users/devops/Downloads/goit-mlops/install.log
[2026-07-29 12:00:16] [OK] Docker знайдено: Docker version 29.6.2, build dfc4efb
[2026-07-29 12:00:17] [OK] Docker Compose V2 знайдено: Docker Compose version v5.3.0
[2026-07-29 12:00:17] [OK] Знайдено Python >= 3.13: python3.13 (Python 3.13.3)
[2026-07-29 12:00:17] [OK] venv вже існує: /Users/devops/Downloads/goit-mlops/.venv (python=Python 3.13.3)
[2026-07-29 12:00:17] [OK] venv pip знайдено: pip 25.0.1 from /Users/devops/Downloads/goit-mlops/.venv/lib/python3.13/site-packages/pip (python 3.13)
[2026-07-29 12:00:17] [INFO] venv pip version: 25.0.1
[2026-07-29 12:00:17] [INFO] Встановлюємо залежності з /Users/devops/Downloads/goit-mlops/requirements.txt у venv (pip -r)...
Looking in indexes: https://pypi.org/simple, https://__token__:****@gitlab.retloko.com/api/v4/projects/318/packages/pypi/simple
Requirement already satisfied: torch==2.7.0 in ./.venv/lib/python3.13/site-packages (from -r /Users/devops/Downloads/goit-mlops/requirements.txt (line 1)) (2.7.0)
Requirement already satisfied: torchvision==0.22.0 in ./.venv/lib/python3.13/site-packages (from -r /Users/devops/Downloads/goit-mlops/requirements.txt (line 2)) (0.22.0)
Requirement already satisfied: pillow==11.2.1 in ./.venv/lib/python3.13/site-packages (from -r /Users/devops/Downloads/goit-mlops/requirements.txt (line 3)) (11.2.1)
Requirement already satisfied: filelock in ./.venv/lib/python3.13/site-packages (from torch==2.7.0->-r /Users/devops/Downloads/goit-mlops/requirements.txt (line 1)) (3.32.0)
Requirement already satisfied: typing-extensions>=4.10.0 in ./.venv/lib/python3.13/site-packages (from torch==2.7.0->-r /Users/devops/Downloads/goit-mlops/requirements.txt (line 1)) (4.16.0)
Requirement already satisfied: setuptools in ./.venv/lib/python3.13/site-packages (from torch==2.7.0->-r /Users/devops/Downloads/goit-mlops/requirements.txt (line 1)) (83.0.0)
Requirement already satisfied: sympy>=1.13.3 in ./.venv/lib/python3.13/site-packages (from torch==2.7.0->-r /Users/devops/Downloads/goit-mlops/requirements.txt (line 1)) (1.14.0)
Requirement already satisfied: networkx in ./.venv/lib/python3.13/site-packages (from torch==2.7.0->-r /Users/devops/Downloads/goit-mlops/requirements.txt (line 1)) (3.6.1)
Requirement already satisfied: jinja2 in ./.venv/lib/python3.13/site-packages (from torch==2.7.0->-r /Users/devops/Downloads/goit-mlops/requirements.txt (line 1)) (3.1.6)
Requirement already satisfied: fsspec in ./.venv/lib/python3.13/site-packages (from torch==2.7.0->-r /Users/devops/Downloads/goit-mlops/requirements.txt (line 1)) (2026.7.0)
Requirement already satisfied: numpy in ./.venv/lib/python3.13/site-packages (from torchvision==0.22.0->-r /Users/devops/Downloads/goit-mlops/requirements.txt (line 2)) (2.5.1)
Requirement already satisfied: mpmath<1.4,>=1.1.0 in ./.venv/lib/python3.13/site-packages (from sympy>=1.13.3->torch==2.7.0->-r /Users/devops/Downloads/goit-mlops/requirements.txt (line 1)) (1.3.0)
Requirement already satisfied: MarkupSafe>=2.0 in ./.venv/lib/python3.13/site-packages (from jinja2->torch==2.7.0->-r /Users/devops/Downloads/goit-mlops/requirements.txt (line 1)) (3.0.3)

[notice] A new release of pip is available: 25.0.1 -> 26.1.2
[notice] To update, run: pip install --upgrade pip
[2026-07-29 12:00:18] [OK] Залежності з requirements.txt встановлено/актуалізовано.
[2026-07-29 12:00:18] [INFO] ----- Підсумок середовища -----
[2026-07-29 12:00:18] [INFO] docker:  Docker version 29.6.2, build dfc4efb
[2026-07-29 12:00:18] [INFO] compose: Docker Compose version v5.3.0
[2026-07-29 12:00:18] [INFO] python:  Python 3.13.3 (у venv: /Users/devops/Downloads/goit-mlops/.venv)
[2026-07-29 12:00:18] [INFO] pip:     pip 25.0.1 from /Users/devops/Downloads/goit-mlops/.venv/lib/python3.13/site-packages/pip (python 3.13)
[2026-07-29 12:00:20] [INFO] torch: version=2.7.0
[2026-07-29 12:00:23] [INFO] torchvision: version=0.22.0
[2026-07-29 12:00:23] [INFO] pillow: version=11.2.1
[2026-07-29 12:00:23] [OK] install_dev_tools.sh завершив роботу.

============================================================
 install_dev_tools.sh запуск: 2026-07-29 20:47:02
 Project root: /Users/devops/Downloads/goit-mlops
============================================================
[2026-07-29 20:47:02] [INFO] Log file: /Users/devops/Downloads/goit-mlops/install.log
[2026-07-29 20:47:02] [OK] Docker знайдено: Docker version 29.6.2, build dfc4efb
[2026-07-29 20:47:02] [OK] Docker Compose V2 знайдено: Docker Compose version v5.3.1
[2026-07-29 20:47:02] [OK] Знайдено Python >= 3.13: python3.13 (Python 3.13.3)
[2026-07-29 20:47:02] [OK] venv вже існує: /Users/devops/Downloads/goit-mlops/.venv (python=Python 3.13.3)
[2026-07-29 20:47:03] [OK] venv pip знайдено: pip 25.0.1 from /Users/devops/Downloads/goit-mlops/.venv/lib/python3.13/site-packages/pip (python 3.13)
[2026-07-29 20:47:03] [INFO] venv pip version: 25.0.1
[2026-07-29 20:47:03] [INFO] Встановлюємо залежності з /Users/devops/Downloads/goit-mlops/requirements.txt у venv (pip -r)...
Looking in indexes: https://pypi.org/simple, https://__token__:****@gitlab.retloko.com/api/v4/projects/318/packages/pypi/simple
Requirement already satisfied: torch==2.7.0 in ./.venv/lib/python3.13/site-packages (from -r /Users/devops/Downloads/goit-mlops/requirements.txt (line 1)) (2.7.0)
Requirement already satisfied: torchvision==0.22.0 in ./.venv/lib/python3.13/site-packages (from -r /Users/devops/Downloads/goit-mlops/requirements.txt (line 2)) (0.22.0)
Requirement already satisfied: pillow==11.2.1 in ./.venv/lib/python3.13/site-packages (from -r /Users/devops/Downloads/goit-mlops/requirements.txt (line 3)) (11.2.1)
Requirement already satisfied: filelock in ./.venv/lib/python3.13/site-packages (from torch==2.7.0->-r /Users/devops/Downloads/goit-mlops/requirements.txt (line 1)) (3.32.0)
Requirement already satisfied: typing-extensions>=4.10.0 in ./.venv/lib/python3.13/site-packages (from torch==2.7.0->-r /Users/devops/Downloads/goit-mlops/requirements.txt (line 1)) (4.16.0)
Requirement already satisfied: setuptools in ./.venv/lib/python3.13/site-packages (from torch==2.7.0->-r /Users/devops/Downloads/goit-mlops/requirements.txt (line 1)) (83.0.0)
Requirement already satisfied: sympy>=1.13.3 in ./.venv/lib/python3.13/site-packages (from torch==2.7.0->-r /Users/devops/Downloads/goit-mlops/requirements.txt (line 1)) (1.14.0)
Requirement already satisfied: networkx in ./.venv/lib/python3.13/site-packages (from torch==2.7.0->-r /Users/devops/Downloads/goit-mlops/requirements.txt (line 1)) (3.6.1)
Requirement already satisfied: jinja2 in ./.venv/lib/python3.13/site-packages (from torch==2.7.0->-r /Users/devops/Downloads/goit-mlops/requirements.txt (line 1)) (3.1.6)
Requirement already satisfied: fsspec in ./.venv/lib/python3.13/site-packages (from torch==2.7.0->-r /Users/devops/Downloads/goit-mlops/requirements.txt (line 1)) (2026.7.0)
Requirement already satisfied: numpy in ./.venv/lib/python3.13/site-packages (from torchvision==0.22.0->-r /Users/devops/Downloads/goit-mlops/requirements.txt (line 2)) (2.5.1)
Requirement already satisfied: mpmath<1.4,>=1.1.0 in ./.venv/lib/python3.13/site-packages (from sympy>=1.13.3->torch==2.7.0->-r /Users/devops/Downloads/goit-mlops/requirements.txt (line 1)) (1.3.0)
Requirement already satisfied: MarkupSafe>=2.0 in ./.venv/lib/python3.13/site-packages (from jinja2->torch==2.7.0->-r /Users/devops/Downloads/goit-mlops/requirements.txt (line 1)) (3.0.3)

[notice] A new release of pip is available: 25.0.1 -> 26.1.2
[notice] To update, run: pip install --upgrade pip
[2026-07-29 20:47:04] [OK] Залежності з requirements.txt встановлено/актуалізовано.
[2026-07-29 20:47:04] [INFO] ----- Підсумок середовища -----
[2026-07-29 20:47:04] [INFO] docker:  Docker version 29.6.2, build dfc4efb
[2026-07-29 20:47:04] [INFO] compose: Docker Compose version v5.3.1
[2026-07-29 20:47:04] [INFO] python:  Python 3.13.3 (у venv: /Users/devops/Downloads/goit-mlops/.venv)
[2026-07-29 20:47:04] [INFO] pip:     pip 25.0.1 from /Users/devops/Downloads/goit-mlops/.venv/lib/python3.13/site-packages/pip (python 3.13)
[2026-07-29 20:47:06] [INFO] torch: version=2.7.0
[2026-07-29 20:47:09] [INFO] torchvision: version=0.22.0
[2026-07-29 20:47:09] [INFO] pillow: version=11.2.1
[2026-07-29 20:47:09] [OK] install_dev_tools.sh завершив роботу.

============================================================
 install_dev_tools.sh запуск: 2026-07-29 20:47:14
 Project root: /Users/devops/Downloads/goit-mlops
============================================================
[2026-07-29 20:47:14] [INFO] Log file: /Users/devops/Downloads/goit-mlops/install.log
[2026-07-29 20:47:14] [OK] Docker знайдено: Docker version 29.6.2, build dfc4efb
[2026-07-29 20:47:14] [OK] Docker Compose V2 знайдено: Docker Compose version v5.3.1
[2026-07-29 20:47:15] [OK] Знайдено Python >= 3.13: python3.13 (Python 3.13.3)
[2026-07-29 20:47:15] [OK] venv вже існує: /Users/devops/Downloads/goit-mlops/.venv (python=Python 3.13.3)
[2026-07-29 20:47:15] [OK] venv pip знайдено: pip 25.0.1 from /Users/devops/Downloads/goit-mlops/.venv/lib/python3.13/site-packages/pip (python 3.13)
[2026-07-29 20:47:15] [INFO] venv pip version: 25.0.1
[2026-07-29 20:47:15] [INFO] Встановлюємо залежності з /Users/devops/Downloads/goit-mlops/requirements.txt у venv (pip -r)...
Looking in indexes: https://pypi.org/simple, https://__token__:****@gitlab.retloko.com/api/v4/projects/318/packages/pypi/simple
Requirement already satisfied: torch==2.7.0 in ./.venv/lib/python3.13/site-packages (from -r /Users/devops/Downloads/goit-mlops/requirements.txt (line 1)) (2.7.0)
Requirement already satisfied: torchvision==0.22.0 in ./.venv/lib/python3.13/site-packages (from -r /Users/devops/Downloads/goit-mlops/requirements.txt (line 2)) (0.22.0)
Requirement already satisfied: pillow==11.2.1 in ./.venv/lib/python3.13/site-packages (from -r /Users/devops/Downloads/goit-mlops/requirements.txt (line 3)) (11.2.1)
Requirement already satisfied: filelock in ./.venv/lib/python3.13/site-packages (from torch==2.7.0->-r /Users/devops/Downloads/goit-mlops/requirements.txt (line 1)) (3.32.0)
Requirement already satisfied: typing-extensions>=4.10.0 in ./.venv/lib/python3.13/site-packages (from torch==2.7.0->-r /Users/devops/Downloads/goit-mlops/requirements.txt (line 1)) (4.16.0)
Requirement already satisfied: setuptools in ./.venv/lib/python3.13/site-packages (from torch==2.7.0->-r /Users/devops/Downloads/goit-mlops/requirements.txt (line 1)) (83.0.0)
Requirement already satisfied: sympy>=1.13.3 in ./.venv/lib/python3.13/site-packages (from torch==2.7.0->-r /Users/devops/Downloads/goit-mlops/requirements.txt (line 1)) (1.14.0)
Requirement already satisfied: networkx in ./.venv/lib/python3.13/site-packages (from torch==2.7.0->-r /Users/devops/Downloads/goit-mlops/requirements.txt (line 1)) (3.6.1)
Requirement already satisfied: jinja2 in ./.venv/lib/python3.13/site-packages (from torch==2.7.0->-r /Users/devops/Downloads/goit-mlops/requirements.txt (line 1)) (3.1.6)
Requirement already satisfied: fsspec in ./.venv/lib/python3.13/site-packages (from torch==2.7.0->-r /Users/devops/Downloads/goit-mlops/requirements.txt (line 1)) (2026.7.0)
Requirement already satisfied: numpy in ./.venv/lib/python3.13/site-packages (from torchvision==0.22.0->-r /Users/devops/Downloads/goit-mlops/requirements.txt (line 2)) (2.5.1)
Requirement already satisfied: mpmath<1.4,>=1.1.0 in ./.venv/lib/python3.13/site-packages (from sympy>=1.13.3->torch==2.7.0->-r /Users/devops/Downloads/goit-mlops/requirements.txt (line 1)) (1.3.0)
Requirement already satisfied: MarkupSafe>=2.0 in ./.venv/lib/python3.13/site-packages (from jinja2->torch==2.7.0->-r /Users/devops/Downloads/goit-mlops/requirements.txt (line 1)) (3.0.3)

[notice] A new release of pip is available: 25.0.1 -> 26.1.2
[notice] To update, run: pip install --upgrade pip
[2026-07-29 20:47:16] [OK] Залежності з requirements.txt встановлено/актуалізовано.
[2026-07-29 20:47:16] [INFO] ----- Підсумок середовища -----
[2026-07-29 20:47:16] [INFO] docker:  Docker version 29.6.2, build dfc4efb
[2026-07-29 20:47:16] [INFO] compose: Docker Compose version v5.3.1
[2026-07-29 20:47:16] [INFO] python:  Python 3.13.3 (у venv: /Users/devops/Downloads/goit-mlops/.venv)
[2026-07-29 20:47:16] [INFO] pip:     pip 25.0.1 from /Users/devops/Downloads/goit-mlops/.venv/lib/python3.13/site-packages/pip (python 3.13)
[2026-07-29 20:47:17] [INFO] torch: version=2.7.0
[2026-07-29 20:47:20] [INFO] torchvision: version=0.22.0
[2026-07-29 20:47:20] [INFO] pillow: version=11.2.1
[2026-07-29 20:47:20] [OK] install_dev_tools.sh завершив роботу.

============================================================
 install_dev_tools.sh запуск: 2026-07-29 20:58:35
 Project root: /Users/devops/Downloads/goit-mlops
============================================================
[2026-07-29 20:58:35] [INFO] Log file: /Users/devops/Downloads/goit-mlops/install.log
[2026-07-29 20:58:35] [OK] Docker знайдено: Docker version 29.6.2, build dfc4efb
[2026-07-29 20:58:35] [OK] Docker Compose V2 знайдено: Docker Compose version v5.3.1
[2026-07-29 20:58:35] [OK] Знайдено Python >= 3.13: python3.13 (Python 3.13.3)
[2026-07-29 20:58:35] [OK] venv вже існує: /Users/devops/Downloads/goit-mlops/.venv (python=Python 3.13.3)
[2026-07-29 20:58:35] [OK] venv pip знайдено: pip 25.0.1 from /Users/devops/Downloads/goit-mlops/.venv/lib/python3.13/site-packages/pip (python 3.13)
[2026-07-29 20:58:36] [INFO] venv pip version: 25.0.1
[2026-07-29 20:58:36] [INFO] Встановлюємо залежності з /Users/devops/Downloads/goit-mlops/requirements.txt у venv (pip -r)...
Looking in indexes: https://pypi.org/simple, https://__token__:****@gitlab.retloko.com/api/v4/projects/318/packages/pypi/simple
Requirement already satisfied: torch==2.7.0 in ./.venv/lib/python3.13/site-packages (from -r /Users/devops/Downloads/goit-mlops/requirements.txt (line 1)) (2.7.0)
Requirement already satisfied: torchvision==0.22.0 in ./.venv/lib/python3.13/site-packages (from -r /Users/devops/Downloads/goit-mlops/requirements.txt (line 2)) (0.22.0)
Requirement already satisfied: pillow==11.2.1 in ./.venv/lib/python3.13/site-packages (from -r /Users/devops/Downloads/goit-mlops/requirements.txt (line 3)) (11.2.1)
Requirement already satisfied: filelock in ./.venv/lib/python3.13/site-packages (from torch==2.7.0->-r /Users/devops/Downloads/goit-mlops/requirements.txt (line 1)) (3.32.0)
Requirement already satisfied: typing-extensions>=4.10.0 in ./.venv/lib/python3.13/site-packages (from torch==2.7.0->-r /Users/devops/Downloads/goit-mlops/requirements.txt (line 1)) (4.16.0)
Requirement already satisfied: setuptools in ./.venv/lib/python3.13/site-packages (from torch==2.7.0->-r /Users/devops/Downloads/goit-mlops/requirements.txt (line 1)) (83.0.0)
Requirement already satisfied: sympy>=1.13.3 in ./.venv/lib/python3.13/site-packages (from torch==2.7.0->-r /Users/devops/Downloads/goit-mlops/requirements.txt (line 1)) (1.14.0)
Requirement already satisfied: networkx in ./.venv/lib/python3.13/site-packages (from torch==2.7.0->-r /Users/devops/Downloads/goit-mlops/requirements.txt (line 1)) (3.6.1)
Requirement already satisfied: jinja2 in ./.venv/lib/python3.13/site-packages (from torch==2.7.0->-r /Users/devops/Downloads/goit-mlops/requirements.txt (line 1)) (3.1.6)
Requirement already satisfied: fsspec in ./.venv/lib/python3.13/site-packages (from torch==2.7.0->-r /Users/devops/Downloads/goit-mlops/requirements.txt (line 1)) (2026.7.0)
Requirement already satisfied: numpy in ./.venv/lib/python3.13/site-packages (from torchvision==0.22.0->-r /Users/devops/Downloads/goit-mlops/requirements.txt (line 2)) (2.5.1)
Requirement already satisfied: mpmath<1.4,>=1.1.0 in ./.venv/lib/python3.13/site-packages (from sympy>=1.13.3->torch==2.7.0->-r /Users/devops/Downloads/goit-mlops/requirements.txt (line 1)) (1.3.0)
Requirement already satisfied: MarkupSafe>=2.0 in ./.venv/lib/python3.13/site-packages (from jinja2->torch==2.7.0->-r /Users/devops/Downloads/goit-mlops/requirements.txt (line 1)) (3.0.3)

[notice] A new release of pip is available: 25.0.1 -> 26.1.2
[notice] To update, run: pip install --upgrade pip
[2026-07-29 20:58:36] [OK] Залежності з requirements.txt встановлено/актуалізовано.
[2026-07-29 20:58:36] [INFO] ----- Підсумок середовища -----
[2026-07-29 20:58:37] [INFO] docker:  Docker version 29.6.2, build dfc4efb
[2026-07-29 20:58:37] [INFO] compose: Docker Compose version v5.3.1
[2026-07-29 20:58:37] [INFO] python:  Python 3.13.3 (у venv: /Users/devops/Downloads/goit-mlops/.venv)
[2026-07-29 20:58:37] [INFO] pip:     pip 25.0.1 from /Users/devops/Downloads/goit-mlops/.venv/lib/python3.13/site-packages/pip (python 3.13)
[2026-07-29 20:58:39] [INFO] torch: version=2.7.0
[2026-07-29 20:58:42] [INFO] torchvision: version=0.22.0
[2026-07-29 20:58:42] [INFO] pillow: version=11.2.1
[2026-07-29 20:58:42] [OK] install_dev_tools.sh завершив роботу.
