python train_and_push.py
🔗 MLflow Tracking URI: http://localhost:5000
🔗 PushGateway URL:     http://localhost:9091
✅ Створено експеримент 'Iris Classification HW9' (ID=1)

🚀 Запускаємо 8 експериментів...

2026/08/22 16:20:56 WARNING mlflow.models.model: Model logged without a signature and input example. Please set `input_example` parameter when logging the model to auto infer the model signature.
   → метрики запушено в PushGateway (http://localhost:9091)
✅ run C=0.01_iter=100: accuracy=0.9333 loss=0.6206 (run_id=d2de59b184d14a1fa4f6f275f0b2319c)
🏃 View run C=0.01_iter=100 at: http://localhost:5000/#/experiments/1/runs/d2de59b184d14a1fa4f6f275f0b2319c
🧪 View experiment at: http://localhost:5000/#/experiments/1
2026/08/22 16:21:00 WARNING mlflow.models.model: Model logged without a signature and input example. Please set `input_example` parameter when logging the model to auto infer the model signature.
   → метрики запушено в PushGateway (http://localhost:9091)
✅ run C=0.01_iter=500: accuracy=0.9333 loss=0.6206 (run_id=03cc968ed9f34d598f18a167b127084c)
🏃 View run C=0.01_iter=500 at: http://localhost:5000/#/experiments/1/runs/03cc968ed9f34d598f18a167b127084c
🧪 View experiment at: http://localhost:5000/#/experiments/1
2026/08/22 16:21:05 WARNING mlflow.models.model: Model logged without a signature and input example. Please set `input_example` parameter when logging the model to auto infer the model signature.
   → метрики запушено в PushGateway (http://localhost:9091)
✅ run C=0.1_iter=100: accuracy=1.0000 loss=0.3011 (run_id=2eca1578404c46f5bea637b0b0509dd7)
🏃 View run C=0.1_iter=100 at: http://localhost:5000/#/experiments/1/runs/2eca1578404c46f5bea637b0b0509dd7
🧪 View experiment at: http://localhost:5000/#/experiments/1
2026/08/22 16:21:09 WARNING mlflow.models.model: Model logged without a signature and input example. Please set `input_example` parameter when logging the model to auto infer the model signature.
   → метрики запушено в PushGateway (http://localhost:9091)
✅ run C=0.1_iter=500: accuracy=1.0000 loss=0.3011 (run_id=bb90f9a946d7430f8ca70642fc583710)
🏃 View run C=0.1_iter=500 at: http://localhost:5000/#/experiments/1/runs/bb90f9a946d7430f8ca70642fc583710
🧪 View experiment at: http://localhost:5000/#/experiments/1
2026/08/22 16:21:14 WARNING mlflow.models.model: Model logged without a signature and input example. Please set `input_example` parameter when logging the model to auto infer the model signature.
   → метрики запушено в PushGateway (http://localhost:9091)
✅ run C=1.0_iter=100: accuracy=1.0000 loss=0.1111 (run_id=29e736b9a43440dd94c2220711caf3a2)
🏃 View run C=1.0_iter=100 at: http://localhost:5000/#/experiments/1/runs/29e736b9a43440dd94c2220711caf3a2
🧪 View experiment at: http://localhost:5000/#/experiments/1
2026/08/22 16:21:18 WARNING mlflow.models.model: Model logged without a signature and input example. Please set `input_example` parameter when logging the model to auto infer the model signature.
   → метрики запушено в PushGateway (http://localhost:9091)
✅ run C=1.0_iter=500: accuracy=1.0000 loss=0.1111 (run_id=2466d4f8bd4c4e36aabb3664adda49fa)
🏃 View run C=1.0_iter=500 at: http://localhost:5000/#/experiments/1/runs/2466d4f8bd4c4e36aabb3664adda49fa
🧪 View experiment at: http://localhost:5000/#/experiments/1
2026/08/22 16:21:22 WARNING mlflow.models.model: Model logged without a signature and input example. Please set `input_example` parameter when logging the model to auto infer the model signature.
   → метрики запушено в PushGateway (http://localhost:9091)
✅ run C=10.0_iter=100: accuracy=1.0000 loss=0.0429 (run_id=255ed13f57f84836a64a2fd8d9e322ce)
🏃 View run C=10.0_iter=100 at: http://localhost:5000/#/experiments/1/runs/255ed13f57f84836a64a2fd8d9e322ce
🧪 View experiment at: http://localhost:5000/#/experiments/1
2026/08/22 16:21:27 WARNING mlflow.models.model: Model logged without a signature and input example. Please set `input_example` parameter when logging the model to auto infer the model signature.
   → метрики запушено в PushGateway (http://localhost:9091)
✅ run C=10.0_iter=500: accuracy=1.0000 loss=0.0429 (run_id=b7fe093395894e139f241ade77c4bbbd)
🏃 View run C=10.0_iter=500 at: http://localhost:5000/#/experiments/1/runs/b7fe093395894e139f241ade77c4bbbd
🧪 View experiment at: http://localhost:5000/#/experiments/1

📊 Підсумок запусків:
   run_name                    accuracy       loss
   C=0.1_iter=100                1.0000     0.3011
   C=0.1_iter=500                1.0000     0.3011
   C=1.0_iter=100                1.0000     0.1111
   C=1.0_iter=500                1.0000     0.1111
   C=10.0_iter=100               1.0000     0.0429
   C=10.0_iter=500               1.0000     0.0429
   C=0.01_iter=100               0.9333     0.6206
   C=0.01_iter=500               0.9333     0.6206

🔎 Пошук найкращого запуску за метрикою accuracy...
🏆 Найкращий run: run_id=b7fe093395894e139f241ade77c4bbbd accuracy=1.0000 loss=0.0429
📦 Модель завантажено у: /Users/devops/Desktop/Work/osint/goit-mlops/best_model/model

✅ Готово. Перевірте MLflow UI та Grafana Explore.